[seriousgaming.fishingcactus.com/en/index.html]
[backblue.gif]
[fade.gif]
[index.html]
[seriousgaming.fishingcactus.com/en/favicon.ico]
[seriousgaming.fishingcactus.com/en/Projets.html]
[seriousgaming.fishingcactus.com/en/Clients.html]
[seriousgaming.fishingcactus.com/en/Philosophie.html]
[seriousgaming.fishingcactus.com/en/Technologie.html]
[seriousgaming.fishingcactus.com/en/Contact.html]
[seriousgaming.fishingcactus.com/en/Projets/Algo-Bot/algo-bot_programming_technobel.html]
[seriousgaming.fishingcactus.com/en/Projets/Roger/roger_ulb_hemi_negligence_kinect_medical.html]
[seriousgaming.fishingcactus.com/en/index.html]
[seriousgaming.fishingcactus.com/en/Projets/Pro_train_driver/pro_train_driver.html]
[seriousgaming.fishingcactus.com/en/Projets/Le Pass/le_pass.html]
[seriousgaming.fishingcactus.com/en/Projets/Master Find/Master_Find.html]
[seriousgaming.fishingcactus.com/en/Projets/Waterloo/waterloo.html]
[seriousgaming.fishingcactus.com/en/Projets/waterloo/waterloo-2.html]
[seriousgaming.fishingcactus.com/en/Projets/lazarus-mirages/lazarus_mirages_transmedia.html]
[seriousgaming.fishingcactus.com/en/Projets/alimentarium/alimentarium.html]
[seriousgaming.fishingcactus.com/en/Projets/Skolkovo/Skolkovo_Mipim_technocity_russia.html]
[seriousgaming.fishingcactus.com/en/Projets/Mundaneum/mundaneum_expo_2_0_renaissance.html]
[seriousgaming.fishingcactus.com/en/Projets/Festival Via Social Gaming/Festival via Mons_Social gaming.html]
[seriousgaming.fishingcactus.com/en/Projets/The Road to EU/the_road_to_eu_europe_repere_histoire.html]
[seriousgaming.fishingcactus.com/en/Projets/Game to Cure/Game_to_cure_kinect.html]
[seriousgaming.fishingcactus.com/en/Projets/Explicity/Expli_city_democratie_federation_des_maisons_de_la_laicite.html]
[seriousgaming.fishingcactus.com/en/Projets.html]
[seriousgaming.fishingcactus.com/en/Projets/Innovation Union Lab/Innovation_union_lab_europe_developpement.html]
[seriousgaming.fishingcactus.com/en/Blog.html]
[seriousgaming.fishingcactus.com/en/Projets/Algo-Bot/Algo-Bot_programming_technobel-2.html]
[seriousgaming.fishingcactus.com/en/_client/images/Clients/Robot_Wallpapers_Algo-Bot1]
[seriousgaming.fishingcactus.com/en/_client/images/Clients/Ben1_rework1]
[seriousgaming.fishingcactus.com/en/Clients.html]
[seriousgaming.fishingcactus.com/en/Philosophie.html]
[seriousgaming.fishingcactus.com/en/Technologie.html]
[seriousgaming.fishingcactus.com/en/Contact.html]
[seriousgaming.fishingcactus.com/en/www.http_/childfocus.be/index.html]
[seriousgaming.fishingcactus.com/en/Description en/Algo-Bot.pdf]
[seriousgaming.fishingcactus.com/en/Projets/js/libs/jquery-1.6.2.min.js]
[seriousgaming.fishingcactus.com/en/Projets/Algo-Bot/algo-bot_programming_technobel.html]
[seriousgaming.fishingcactus.com/en/Description en/Roger.pdf]
[seriousgaming.fishingcactus.com/en/Projets/Roger/roger_ulb_hemi_negligence_kinect_medical.html]
[seriousgaming.fishingcactus.com/en/Projets/Pro_train_driver/pro_train_driver.html]
[seriousgaming.fishingcactus.com/en/Projets/Le Pass/le_pass.html]
[seriousgaming.fishingcactus.com/en/Description en/lepass_en.pdf]
[seriousgaming.fishingcactus.com/en/Description en/master_find_en.pdf]
[seriousgaming.fishingcactus.com/en/Projets/Master Find/Master_Find.html]
[seriousgaming.fishingcactus.com/en/Description en/waterloo.20.delayed]
[seriousgaming.fishingcactus.com/en/Projets/Waterloo/waterloo.html]
[seriousgaming.fishingcactus.com/en/Projets/waterloo/waterloo-2.html]
[seriousgaming.fishingcactus.com/en/Description en/Mirages_EN.pdf]
[seriousgaming.fishingcactus.com/en/Projets/lazarus-mirages/lazarus_mirages_transmedia.html]
[seriousgaming.fishingcactus.com/en/Projets/alimentarium/alimentarium.html]
[seriousgaming.fishingcactus.com/en/Description en/Skolkovo.pdf]
[seriousgaming.fishingcactus.com/en/Projets/Skolkovo/Skolkovo_Mipim_technocity_russia.html]
[seriousgaming.fishingcactus.com/en/Description en/Mundaneum.pdf]
[seriousgaming.fishingcactus.com/en/Projets/Mundaneum/mundaneum_expo_2_0_renaissance.html]
[seriousgaming.fishingcactus.com/en/Description en/Via Social Gaming Festival.pdf]
